2019.01.05 15:52
